2026-01-20 12:47:29,286 | INFO | Dump folder watcher started
2026-01-20 12:53:46,839 | INFO | Dump folder watcher started
2026-01-20 12:56:09,788 | INFO | Dump folder watcher started (watching: /home/ekarangw/Dump)
2026-01-20 12:57:28,196 | INFO | Dump folder watcher started (watching: /home/ekarangw/Dump)
2026-01-20 12:57:28,197 | INFO | Found existing dump file at startup: /home/ekarangw/Dump/test_trigger.txt
2026-01-20 12:57:28,198 | INFO | Processing file: /home/ekarangw/Dump/test_trigger.txt
2026-01-20 12:57:28,199 | INFO | Extracted data: {'vehicle_brand': 'Toyota', 'vehicle_type': None, 'plate_number': 'ABC123', 'inspection_date': '2026-01-20', 'inspection_time': '12:34'}
2026-01-20 12:57:28,200 | INFO | Sending data to API...
2026-01-20 12:57:28,200 | INFO | {'vehicle_brand': 'Toyota', 'vehicle_type': None, 'plate_number': 'ABC123', 'inspection_date': '2026-01-20', 'inspection_time': '12:34'}
2026-01-20 12:57:28,201 | INFO | Processing completed successfully: /home/ekarangw/Dump/test_trigger.txt
2026-01-20 13:29:35,620 | INFO | Step 1: Dump folder watcher started (watching: /home/ekarangw/Dump)
2026-01-20 13:29:35,620 | INFO | Step 2: System found existing dump file at startup: /home/ekarangw/Dump/a.txt
2026-01-20 13:29:35,622 | INFO | Step 3: Processing file: /home/ekarangw/Dump/a.txt
2026-01-20 13:29:35,623 | INFO | Event: created -> /home/ekarangw/Dump/.processing.lock
2026-01-20 13:29:35,623 | INFO | Step 4: Extracted data: {'vehicle_brand': 'BrandA', 'vehicle_type': None, 'plate_number': 'AAA', 'inspection_date': '2026-01-20', 'inspection_time': '10:00'}
2026-01-20 13:29:35,623 | INFO | Event: modified -> /home/ekarangw/Dump/.processing.lock
2026-01-20 13:29:35,624 | INFO | Step 5: Sending data to API...
2026-01-20 13:29:35,624 | INFO | Step 6: Payload: {'vehicle_brand': 'BrandA', 'vehicle_type': None, 'plate_number': 'AAA', 'inspection_date': '2026-01-20', 'inspection_time': '10:00'}
2026-01-20 13:29:35,675 | INFO | Step 7: Data sent to API successfully
2026-01-20 13:29:35,676 | INFO | Step 8: Processing completed successfully: /home/ekarangw/Dump/a.txt
2026-01-20 13:29:35,676 | INFO | Step 9: Processing file: /home/ekarangw/Dump/b.txt
2026-01-20 13:29:35,677 | INFO | Step 10: Extracted data: {'vehicle_brand': 'BrandB', 'vehicle_type': None, 'plate_number': 'BBB', 'inspection_date': '2026-01-20', 'inspection_time': '10:01'}
2026-01-20 13:29:35,678 | INFO | Step 11: Sending data to API...
2026-01-20 13:29:35,678 | INFO | Step 12: Payload: {'vehicle_brand': 'BrandB', 'vehicle_type': None, 'plate_number': 'BBB', 'inspection_date': '2026-01-20', 'inspection_time': '10:01'}
2026-01-20 13:29:35,728 | INFO | Step 13: Data sent to API successfully
2026-01-20 13:29:35,729 | INFO | Step 14: Processing completed successfully: /home/ekarangw/Dump/b.txt
2026-01-20 13:29:36,231 | INFO | Event: created -> /home/ekarangw/Dump/.processing.lock
2026-01-20 13:29:36,231 | INFO | Event: modified -> /home/ekarangw/Dump/.processing.lock
2026-01-20 11:54:36,170 | INFO | Step 1: Dump folder watcher starting (watching: /app/Dump)
2026-01-20 11:54:36,173 | INFO | Step 2: Dump folder watcher started (watching: /app/Dump)
2026-01-20 12:02:38,983 | INFO | Step 1: Dump folder watcher starting (watching: /app/Dump)
2026-01-20 12:02:38,985 | INFO | Step 2: Dump folder watcher started (watching: /app/Dump)
2026-01-20 12:03:52,140 | INFO | Event: created -> /app/Dump/test_docker_1.txt
2026-01-20 12:03:52,141 | INFO | Step 3: System detected new dump file: /app/Dump/test_docker_1.txt
2026-01-20 12:03:52,142 | INFO | Step 1.1.1: Processing file: /app/Dump/test_docker_1.txt
2026-01-20 12:03:52,143 | INFO | Step 1.1.2: Extracted data: {'vehicle_brand': 'BrandZ', 'vehicle_type': None, 'plate_number': 'ZZZ', 'inspection_date': '2026-01-20', 'inspection_time': '14:00'}
2026-01-20 12:03:52,143 | INFO | Step 1.1.3: Sending data to API...
2026-01-20 12:03:52,144 | INFO | Step 1.1.4: Payload: {'vehicle_brand': 'BrandZ', 'vehicle_type': None, 'plate_number': 'ZZZ', 'inspection_date': '2026-01-20', 'inspection_time': '14:00'}
2026-01-20 12:03:52,194 | INFO | Step 1.1.5: Data sent to API successfully
2026-01-20 12:03:52,194 | INFO | Step 1.1.6: Processing completed successfully: /app/Dump/test_docker_1.txt
2026-01-20 12:03:52,296 | INFO | Step 1.1.1: Processing file: /app/Dump/test_docker_2.txt
2026-01-20 12:03:52,297 | INFO | Step 1.1.2: Extracted data: {'vehicle_brand': 'BrandY', 'vehicle_type': None, 'plate_number': 'YYY', 'inspection_date': '2026-01-20', 'inspection_time': '14:01'}
2026-01-20 12:03:52,297 | INFO | Step 1.1.3: Sending data to API...
2026-01-20 12:03:52,297 | INFO | Step 1.1.4: Payload: {'vehicle_brand': 'BrandY', 'vehicle_type': None, 'plate_number': 'YYY', 'inspection_date': '2026-01-20', 'inspection_time': '14:01'}
2026-01-20 12:03:52,348 | INFO | Step 1.1.5: Data sent to API successfully
2026-01-20 12:03:52,349 | INFO | Step 1.1.6: Processing completed successfully: /app/Dump/test_docker_2.txt
2026-01-20 12:03:52,451 | INFO | Event: modified -> /app/Dump/test_docker_1.txt
2026-01-20 12:03:52,452 | INFO | Step 1.1: System detected new dump file: /app/Dump/test_docker_1.txt
2026-01-20 12:03:52,453 | INFO | Event: created -> /app/Dump/.processing.lock
2026-01-20 12:03:52,453 | INFO | Event: modified -> /app/Dump/.processing.lock
2026-01-20 12:03:52,453 | INFO | Event: created -> /app/Dump/test_docker_2.txt
2026-01-20 12:03:52,453 | INFO | Step 2.1: System detected new dump file: /app/Dump/test_docker_2.txt
2026-01-20 12:03:52,454 | INFO | Event: modified -> /app/Dump/test_docker_2.txt
2026-01-20 12:03:52,454 | INFO | Step 3.1: System detected new dump file: /app/Dump/test_docker_2.txt
2026-01-20 12:03:52,850 | INFO | Event: created -> /app/Dump/.processing.lock
2026-01-20 12:03:52,850 | INFO | Event: modified -> /app/Dump/.processing.lock
2026-01-20 12:03:52,851 | INFO | Event: created -> /app/Dump/.processing.lock
2026-01-20 12:03:52,852 | INFO | Event: modified -> /app/Dump/.processing.lock
2026-01-20 12:03:52,852 | INFO | Event: created -> /app/Dump/.processing.lock
2026-01-20 12:03:52,853 | INFO | Event: modified -> /app/Dump/.processing.lock
2026-01-20 12:12:14,105 | INFO | Step 1: Dump folder watcher starting (watching: /app/Dump)
2026-01-20 12:12:14,109 | INFO | Step 2: Dump folder watcher started (watching: /app/Dump)
2026-01-20 12:12:14,113 | INFO | Step 3: System found existing dump file at startup: /app/Dump/20220913101552.TXT
2026-01-20 12:12:14,118 | INFO | Event: created -> /app/Dump/.processing.lock
2026-01-20 12:12:14,120 | INFO | Event: modified -> /app/Dump/.processing.lock
2026-01-20 12:12:14,130 | INFO | Step 1.1.1: Processing file: /app/Dump/ES_OUT_NEW.TXT
2026-01-20 12:12:14,190 | INFO | Step 1.1.2: Extracted data: {'vehicle_brand': 'TOYOTA', 'vehicle_type': 'VOITURE', 'plate_number': 'RAF597V', 'inspection_date': '20220913', 'inspection_time': '10:15'}
2026-01-20 12:12:14,190 | INFO | Step 1.1.3: Sending data to API...
2026-01-20 12:12:14,191 | INFO | Step 1.1.4: Payload: {'vehicle_brand': 'TOYOTA', 'vehicle_type': 'VOITURE', 'plate_number': 'RAF597V', 'inspection_date': '20220913', 'inspection_time': '10:15'}
2026-01-20 12:12:14,242 | INFO | Step 1.1.5: Data sent to API successfully
2026-01-20 12:12:14,253 | INFO | Step 1.1.6: Processing completed successfully: /app/Dump/ES_OUT_NEW.TXT
2026-01-20 12:12:14,253 | INFO | Step 1.2.1: Processing file: /app/Dump/20220913101552.TXT
2026-01-20 12:12:14,321 | INFO | Step 1.2.2: Extracted data: {'vehicle_brand': 'TOYOTA', 'vehicle_type': 'VOITURE', 'plate_number': 'RAF597V', 'inspection_date': '20220913', 'inspection_time': '10:15'}
2026-01-20 12:12:14,321 | INFO | Step 1.2.3: Sending data to API...
2026-01-20 12:12:14,321 | INFO | Step 1.2.4: Payload: {'vehicle_brand': 'TOYOTA', 'vehicle_type': 'VOITURE', 'plate_number': 'RAF597V', 'inspection_date': '20220913', 'inspection_time': '10:15'}
2026-01-20 12:12:14,373 | INFO | Step 1.2.5: Data sent to API successfully
2026-01-20 12:12:14,382 | INFO | Step 1.2.6: Processing completed successfully: /app/Dump/20220913101552.TXT
2026-01-20 12:21:58,962 | INFO | Step 1: Dump folder watcher starting (watching: /app/Dump)
2026-01-20 12:21:58,966 | INFO | Step 2: Dump folder watcher started (watching: /app/Dump)
2026-01-20 12:21:58,971 | INFO | Step 3: System found existing dump file at startup: /app/Dump/20220913101552.TXT
2026-01-20 12:21:58,975 | INFO | Event: created -> /app/Dump/.processing.lock
2026-01-20 12:21:58,977 | INFO | Event: modified -> /app/Dump/.processing.lock
2026-01-20 12:21:58,991 | INFO | Step 1.1.1: Processing file: /app/Dump/ES_OUT_NEW.TXT
2026-01-20 12:21:59,025 | INFO | Step 1.1.2: Extracted data: {'vehicle_brand': 'TOYOTA', 'vehicle_type': 'VOITURE', 'plate_number': 'RAF597V', 'inspection_date': '20220913', 'inspection_time': '10:15'}
2026-01-20 12:21:59,025 | INFO | Step 1.1.3: Sending data to API...
2026-01-20 12:21:59,025 | INFO | Step 1.1.4: Payload: {'vehicle_brand': 'TOYOTA', 'vehicle_type': 'VOITURE', 'plate_number': 'RAF597V', 'inspection_date': '20220913', 'inspection_time': '10:15'}
2026-01-20 12:21:59,076 | INFO | Step 1.1.5: Data sent to API successfully
2026-01-20 12:21:59,086 | INFO | Step 1.1.6: Processing completed successfully: /app/Dump/ES_OUT_NEW.TXT
2026-01-20 12:21:59,087 | INFO | Step 1.2.1: Processing file: /app/Dump/20220913101552.TXT
2026-01-20 12:21:59,192 | INFO | Step 1.2.2: Extracted data: {'vehicle_brand': 'TOYOTA', 'vehicle_type': 'VOITURE', 'plate_number': 'RAF597V', 'inspection_date': '20220913', 'inspection_time': '10:15'}
2026-01-20 12:21:59,192 | INFO | Step 1.2.3: Sending data to API...
2026-01-20 12:21:59,192 | INFO | Step 1.2.4: Payload: {'vehicle_brand': 'TOYOTA', 'vehicle_type': 'VOITURE', 'plate_number': 'RAF597V', 'inspection_date': '20220913', 'inspection_time': '10:15'}
2026-01-20 12:21:59,243 | INFO | Step 1.2.5: Data sent to API successfully
2026-01-20 12:21:59,251 | INFO | Step 1.2.6: Processing completed successfully: /app/Dump/20220913101552.TXT
2026-01-20 12:21:59,251 | INFO | Step 1.3.1: Processing file: /app/Dump/20220913101636.TXT
2026-01-20 12:21:59,351 | INFO | Step 1.3.2: Extracted data: {'vehicle_brand': '', 'vehicle_type': 'RAV4', 'plate_number': 'RAD715N', 'inspection_date': '20220913', 'inspection_time': '10:16'}
2026-01-20 12:21:59,351 | INFO | Step 1.3.3: Sending data to API...
2026-01-20 12:21:59,351 | INFO | Step 1.3.4: Payload: {'vehicle_brand': '', 'vehicle_type': 'RAV4', 'plate_number': 'RAD715N', 'inspection_date': '20220913', 'inspection_time': '10:16'}
2026-01-20 12:21:59,403 | INFO | Step 1.3.5: Data sent to API successfully
2026-01-20 12:21:59,417 | INFO | Step 1.3.6: Processing completed successfully: /app/Dump/20220913101636.TXT
2026-01-20 12:21:59,417 | INFO | Step 1.4.1: Processing file: /app/Dump/RAD123O.TXT
2026-01-20 12:21:59,450 | INFO | Step 1.4.2: Extracted data: {'vehicle_brand': 'TOYOTA', 'vehicle_type': '', 'plate_number': 'RAB213Y', 'inspection_date': '20220913', 'inspection_time': '10:16'}
2026-01-20 12:21:59,450 | INFO | Step 1.4.3: Sending data to API...
2026-01-20 12:21:59,450 | INFO | Step 1.4.4: Payload: {'vehicle_brand': 'TOYOTA', 'vehicle_type': '', 'plate_number': 'RAB213Y', 'inspection_date': '20220913', 'inspection_time': '10:16'}
2026-01-20 12:21:59,500 | INFO | Step 1.4.5: Data sent to API successfully
2026-01-20 12:21:59,510 | INFO | Step 1.4.6: Processing completed successfully: /app/Dump/RAD123O.TXT
2026-01-20 12:29:18,644 | INFO | Step 1: Dump folder watcher starting (watching: /app/Dump)
2026-01-20 12:29:18,648 | INFO | Step 2: Dump folder watcher started (watching: /app/Dump)
2026-01-20 12:29:18,655 | INFO | Step 3: System found existing dump file at startup: /app/Dump/20220913101552.TXT
2026-01-20 12:29:18,659 | INFO | Event: created -> /app/Dump/.processing.lock
2026-01-20 12:29:18,660 | INFO | Event: modified -> /app/Dump/.processing.lock
2026-01-20 12:29:18,681 | INFO | Step 1.1.1: Processing file: /app/Dump/ES_OUT_NEW.TXT
2026-01-20 12:29:18,743 | INFO | Step 1.1.2: Extracted data: {'vehicle_brand': 'TOYOTA', 'vehicle_type': 'VOITURE', 'plate_number': 'RAF597V', 'inspection_date': '20220913', 'inspection_time': '10:15'}
2026-01-20 12:29:18,743 | INFO | Step 1.1.3: Sending data to API...
2026-01-20 12:29:18,743 | INFO | Step 1.1.4: Payload: {'vehicle_brand': 'TOYOTA', 'vehicle_type': 'VOITURE', 'plate_number': 'RAF597V', 'inspection_date': '20220913', 'inspection_time': '10:15'}
2026-01-20 12:29:18,794 | INFO | Step 1.1.5: Data sent to API successfully
2026-01-20 12:29:18,808 | INFO | Step 1.1.6: Processing completed successfully: /app/Dump/ES_OUT_NEW.TXT
2026-01-20 12:29:18,809 | INFO | Step 1.2.1: Processing file: /app/Dump/20220913101552.TXT
2026-01-20 12:29:18,869 | INFO | Step 1.2.2: Extracted data: {'vehicle_brand': 'TOYOTA', 'vehicle_type': 'VOITURE', 'plate_number': 'RAF597V', 'inspection_date': '20220913', 'inspection_time': '10:15'}
2026-01-20 12:29:18,869 | INFO | Step 1.2.3: Sending data to API...
2026-01-20 12:29:18,869 | INFO | Step 1.2.4: Payload: {'vehicle_brand': 'TOYOTA', 'vehicle_type': 'VOITURE', 'plate_number': 'RAF597V', 'inspection_date': '20220913', 'inspection_time': '10:15'}
2026-01-20 12:29:18,920 | INFO | Step 1.2.5: Data sent to API successfully
2026-01-20 12:29:18,928 | INFO | Step 1.2.6: Processing completed successfully: /app/Dump/20220913101552.TXT
2026-01-20 12:29:18,928 | INFO | Step 1.3.1: Processing file: /app/Dump/20220913101636.TXT
2026-01-20 12:29:18,974 | INFO | Step 1.3.2: Extracted data: {'vehicle_brand': '', 'vehicle_type': 'RAV4', 'plate_number': 'RAD715N', 'inspection_date': '20220913', 'inspection_time': '10:16'}
2026-01-20 12:29:18,974 | INFO | Step 1.3.3: Sending data to API...
2026-01-20 12:29:18,974 | INFO | Step 1.3.4: Payload: {'vehicle_brand': '', 'vehicle_type': 'RAV4', 'plate_number': 'RAD715N', 'inspection_date': '20220913', 'inspection_time': '10:16'}
2026-01-20 12:29:19,026 | INFO | Step 1.3.5: Data sent to API successfully
2026-01-20 12:29:19,044 | INFO | Step 1.3.6: Processing completed successfully: /app/Dump/20220913101636.TXT
2026-01-20 12:29:19,045 | INFO | Step 1.4.1: Processing file: /app/Dump/RAD123O.TXT
2026-01-20 12:29:19,101 | INFO | Step 1.4.2: Extracted data: {'vehicle_brand': 'TOYOTA', 'vehicle_type': '', 'plate_number': 'RAB213Y', 'inspection_date': '20220913', 'inspection_time': '10:16'}
2026-01-20 12:29:19,101 | INFO | Step 1.4.3: Sending data to API...
2026-01-20 12:29:19,102 | INFO | Step 1.4.4: Payload: {'vehicle_brand': 'TOYOTA', 'vehicle_type': '', 'plate_number': 'RAB213Y', 'inspection_date': '20220913', 'inspection_time': '10:16'}
2026-01-20 12:29:19,153 | INFO | Step 1.4.5: Data sent to API successfully
2026-01-20 12:29:19,165 | INFO | Step 1.4.6: Processing completed successfully: /app/Dump/RAD123O.TXT
2026-01-20 13:23:56,736 | INFO | Step 1: Dump folder watcher starting (watching: /app/Dump)
2026-01-20 13:23:56,740 | INFO | Step 2: Dump folder watcher started (watching: /app/Dump)
2026-01-20 15:01:48,868 | INFO | Step 1: Dump folder watcher starting (watching: /app/Dump)
2026-01-20 15:01:48,871 | INFO | Step 2: Dump folder watcher started (watching: /app/Dump)
2026-01-20 15:03:47,494 | INFO | Step 1: Dump folder watcher starting (watching: /app/Dump)
2026-01-20 15:03:47,496 | INFO | Step 2: Dump folder watcher started (watching: /app/Dump)
2026-01-20 15:05:14,927 | INFO | Event: created -> /app/Dump/test_new_codes_1.txt
2026-01-20 15:05:14,928 | INFO | Step 3: System detected new dump file: /app/Dump/test_new_codes_1.txt
2026-01-20 15:05:14,928 | INFO | Step 1.1.1: Processing file: /app/Dump/test_new_codes_1.txt
2026-01-20 15:05:14,929 | INFO | Step 1.1.2: Built payload with 12 results
2026-01-20 15:05:14,930 | INFO | Step 1.1.3: Sending data to API...
2026-01-20 15:05:14,930 | INFO | Step 1.1.4: Payload: {'inspectionReference': 'MAHA-20260120-1430', 'inspectionDate': '2026-01-20T14:30:00Z', 'source': 'MAHA', 'inspectorName': 'Ahmed Hassan', 'inspectionTime': '14:30', 'plateNumber': 'ABC123XY', 'ChassisNo': 'VIN123456789ABCDE', 'manufacturer': 'HONDA', 'vehicleYype': 'SUV', 'axleCount': 4, 'laneNumber': 'Lane3', 'overallResult': 'PASS', 'inspectionResults': [{'code': '10100', 'value': 'ABC123XY', 'testCategory': 'Vehicle Identification'}, {'code': '10201', 'value': 'HONDA', 'testCategory': 'Vehicle Identification'}, {'code': '10200', 'value': 'SUV', 'testCategory': 'Vehicle Identification'}, {'code': '10190', 'value': 4, 'testCategory': 'Vehicle Identification'}, {'code': '10192', 'value': 'VIN123456789ABCDE', 'testCategory': 'Vehicle Identification'}, {'code': '10107', 'value': 20260120, 'testCategory': 'Vehicle Identification'}, {'code': '10131', 'value': '14:30', 'testCategory': 'Vehicle Identification'}, {'code': '10512', 'value': 'Ahmed Hassan', 'testCategory': 'Vehicle Identification'}, {'code': '10010', 'value': 'Lane3', 'testCategory': 'Vehicle Identification'}, {'code': '50000', 'value': 85, 'testCategory': 'Brake Test'}, {'code': '50001', 'value': 82, 'testCategory': 'Brake Test'}, {'code': '59840', 'value': 75, 'testCategory': 'Brake Performance'}]}
2026-01-20 15:05:14,980 | INFO | Step 1.1.5: Data sent to API successfully
2026-01-20 15:05:14,981 | INFO | Step 1.1.6: Processing completed successfully: /app/Dump/test_new_codes_1.txt
2026-01-20 15:05:15,083 | INFO | Event: modified -> /app/Dump/test_new_codes_1.txt
2026-01-20 15:05:15,084 | INFO | Step 1.1: System detected new dump file: /app/Dump/test_new_codes_1.txt
2026-01-20 15:05:15,085 | INFO | Event: created -> /app/Dump/.processing.lock
2026-01-20 15:05:15,086 | INFO | Event: modified -> /app/Dump/.processing.lock
2026-01-20 15:05:15,485 | INFO | Event: created -> /app/Dump/.processing.lock
2026-01-20 15:05:15,485 | INFO | Event: modified -> /app/Dump/.processing.lock
2026-01-20 15:05:21,434 | INFO | Event: created -> /app/Dump/test_new_codes_2.txt
2026-01-20 15:05:21,434 | INFO | Step 2.1: System detected new dump file: /app/Dump/test_new_codes_2.txt
2026-01-20 15:05:21,436 | INFO | Step 3.1.1: Processing file: /app/Dump/test_new_codes_2.txt
2026-01-20 15:05:21,436 | INFO | Step 3.1.2: Built payload with 12 results
2026-01-20 15:05:21,436 | INFO | Step 3.1.3: Sending data to API...
2026-01-20 15:05:21,437 | INFO | Step 3.1.4: Payload: {'inspectionReference': 'MAHA-20260120-1545', 'inspectionDate': '2026-01-20T15:45:00Z', 'source': 'MAHA', 'inspectorName': 'Fatima Mohamed', 'inspectionTime': '15:45', 'plateNumber': 'XYZ789AB', 'ChassisNo': 'VIN987654321FEDCBA', 'manufacturer': 'TOYOTA', 'vehicleYype': 'SEDAN', 'axleCount': 2, 'laneNumber': 'Lane1', 'overallResult': 'PASS', 'inspectionResults': [{'code': '10100', 'value': 'XYZ789AB', 'testCategory': 'Vehicle Identification'}, {'code': '10201', 'value': 'TOYOTA', 'testCategory': 'Vehicle Identification'}, {'code': '10200', 'value': 'SEDAN', 'testCategory': 'Vehicle Identification'}, {'code': '10190', 'value': 2, 'testCategory': 'Vehicle Identification'}, {'code': '10192', 'value': 'VIN987654321FEDCBA', 'testCategory': 'Vehicle Identification'}, {'code': '10107', 'value': 20260120, 'testCategory': 'Vehicle Identification'}, {'code': '10131', 'value': '15:45', 'testCategory': 'Vehicle Identification'}, {'code': '10512', 'value': 'Fatima Mohamed', 'testCategory': 'Vehicle Identification'}, {'code': '10010', 'value': 'Lane1', 'testCategory': 'Vehicle Identification'}, {'code': '50000', 'value': 88, 'testCategory': 'Brake Test'}, {'code': '50001', 'value': 90, 'testCategory': 'Brake Test'}, {'code': '59880', 'value': 70, 'testCategory': 'Brake Performance'}]}
2026-01-20 15:05:21,488 | INFO | Step 3.1.5: Data sent to API successfully
2026-01-20 15:05:21,489 | INFO | Step 3.1.6: Processing completed successfully: /app/Dump/test_new_codes_2.txt
2026-01-20 15:05:21,590 | INFO | Event: modified -> /app/Dump/test_new_codes_2.txt
2026-01-20 15:05:21,590 | INFO | Step 3.1: System detected new dump file: /app/Dump/test_new_codes_2.txt
2026-01-20 15:05:21,592 | INFO | Event: created -> /app/Dump/.processing.lock
2026-01-20 15:05:21,592 | INFO | Event: modified -> /app/Dump/.processing.lock
2026-01-20 15:05:22,000 | INFO | Event: created -> /app/Dump/.processing.lock
2026-01-20 15:05:22,001 | INFO | Event: modified -> /app/Dump/.processing.lock
2026-01-20 15:35:16,435 | INFO | Step 1: Dump folder watcher starting (watching: /app/Dump)
2026-01-20 15:35:16,443 | INFO | Step 2: Dump folder watcher started (watching: /app/Dump)
2026-01-20 15:35:16,455 | INFO | Step 3: System found existing dump file at startup: /app/Dump/20220913101636.TXT
2026-01-20 15:35:16,464 | INFO | Event: created -> /app/Dump/.processing.lock
2026-01-20 15:35:16,468 | INFO | Event: modified -> /app/Dump/.processing.lock
2026-01-20 15:35:16,491 | INFO | Step 1.1.1: Processing file: /app/Dump/ES_OUT_NEW.TXT
2026-01-20 15:35:16,651 | INFO | Step 1.1.2: Built payload with 32 results
2026-01-20 15:35:16,652 | INFO | Step 1.1.3: Sending data to API...
2026-01-20 15:35:16,652 | INFO | Step 1.1.4: Payload: {'inspectionReference': 'MAHA-20220913-1015', 'inspectionDate': '2022-09-13T10:15:00Z', 'source': 'MAHA', 'inspectorName': 'CPL NTWALI EMMANUEL', 'inspectionTime': '10:15', 'plateNumber': 'RAF597V', 'ChassisNo': '0.000', 'manufacturer': 'VOITURE', 'vehicleYype': 'TOYOTA', 'axleCount': '2.000', 'laneNumber': '4', 'overallResult': 'PASS', 'inspectionResults': [{'code': '10100', 'value': 'RAF597V', 'testCategory': 'Vehicle Identification'}, {'code': '10201', 'value': 'VOITURE', 'testCategory': 'Vehicle Identification'}, {'code': '10200', 'value': 'TOYOTA', 'testCategory': 'Vehicle Identification'}, {'code': '10190', 'value': 2.0, 'testCategory': 'Vehicle Identification'}, {'code': '10192', 'value': 0.0, 'testCategory': 'Vehicle Identification'}, {'code': '10107', 'value': 20220913, 'testCategory': 'Vehicle Identification'}, {'code': '10131', 'value': '10:15', 'testCategory': 'Vehicle Identification'}, {'code': '10512', 'value': 'CPL NTWALI EMMANUEL', 'testCategory': 'Vehicle Identification'}, {'code': '10010', 'value': 4, 'testCategory': 'Vehicle Identification'}, {'code': '30000', 'value': -5, 'testCategory': 'Side-Slip Test'}, {'code': '30001', 'value': -6, 'testCategory': 'Side-Slip Test'}, {'code': '31004', 'value': 90.001, 'testCategory': 'Shock Absorber Test'}, {'code': '31005', 'value': 90.001, 'testCategory': 'Shock Absorber Test'}, {'code': '31006', 'value': 0.0, 'testCategory': 'Shock Absorber Test'}, {'code': '31020', 'value': 299.0, 'testCategory': 'Shock Absorber Test'}, {'code': '31021', 'value': 391.0, 'testCategory': 'Shock Absorber Test'}, {'code': '31022', 'value': 690.0, 'testCategory': 'Shock Absorber Test'}, {'code': '43110', 'value': 1214.0, 'testCategory': 'Shock Absorber Test'}, {'code': '50000', 'value': 2.243, 'testCategory': 'Brake Test'}, {'code': '50001', 'value': 2.215, 'testCategory': 'Brake Test'}, {'code': '50010', 'value': 1.0, 'testCategory': 'Brake Test'}, {'code': '50100', 'value': 299.0, 'testCategory': 'Brake Test'}, {'code': '50101', 'value': 391.0, 'testCategory': 'Brake Test'}, {'code': '59000', 'value': 60.0, 'testCategory': 'Brake Test'}, {'code': '59010', 'value': 60.0, 'testCategory': 'Brake Test'}, {'code': '59840', 'value': 84.0, 'testCategory': 'Brake Performance'}, {'code': '59880', 'value': 85.0, 'testCategory': 'Brake Performance'}, {'code': '44024', 'value': 350.0, 'testCategory': 'Brake Performance'}, {'code': '70004', 'value': 'OK', 'testCategory': 'Visual Defects'}, {'code': '70001', 'value': 4, 'testCategory': 'Visual Defects'}, {'code': '70024', 'value': 'PASS', 'testCategory': 'Emissions Test'}, {'code': '70021', 'value': 4, 'testCategory': 'Emissions Test'}]}
2026-01-20 15:35:16,703 | INFO | Step 1.1.5: Data sent to API successfully
2026-01-20 15:35:16,725 | INFO | Step 1.1.6: Processing completed successfully: /app/Dump/ES_OUT_NEW.TXT
2026-01-20 15:35:16,726 | INFO | Step 1.2.1: Processing file: /app/Dump/20220913101636.TXT
2026-01-20 15:35:16,822 | INFO | Step 1.2.2: Built payload with 31 results
2026-01-20 15:35:16,823 | INFO | Step 1.2.3: Sending data to API...
2026-01-20 15:35:16,823 | INFO | Step 1.2.4: Payload: {'inspectionReference': 'MAHA-20220913-1016', 'inspectionDate': '2022-09-13T10:16:00Z', 'source': 'MAHA', 'inspectorName': 'CPL NSHIMIYIMANA Emman', 'inspectionTime': '10:16', 'plateNumber': 'RAD715N', 'ChassisNo': '0.000', 'manufacturer': 'RAV4', 'vehicleYype': '', 'axleCount': '2.000', 'laneNumber': '4', 'overallResult': 'PASS', 'inspectionResults': [{'code': '10100', 'value': 'RAD715N', 'testCategory': 'Vehicle Identification'}, {'code': '10201', 'value': 'RAV4', 'testCategory': 'Vehicle Identification'}, {'code': '10190', 'value': 2.0, 'testCategory': 'Vehicle Identification'}, {'code': '10192', 'value': 0.0, 'testCategory': 'Vehicle Identification'}, {'code': '10107', 'value': 20220913, 'testCategory': 'Vehicle Identification'}, {'code': '10131', 'value': '10:16', 'testCategory': 'Vehicle Identification'}, {'code': '10512', 'value': 'CPL NSHIMIYIMANA Emman', 'testCategory': 'Vehicle Identification'}, {'code': '10010', 'value': 4, 'testCategory': 'Vehicle Identification'}, {'code': '30000', 'value': 2.4, 'testCategory': 'Side-Slip Test'}, {'code': '30001', 'value': 3.0, 'testCategory': 'Side-Slip Test'}, {'code': '31004', 'value': 90.001, 'testCategory': 'Shock Absorber Test'}, {'code': '31005', 'value': 90.001, 'testCategory': 'Shock Absorber Test'}, {'code': '31006', 'value': 0.0, 'testCategory': 'Shock Absorber Test'}, {'code': '31020', 'value': 412.0, 'testCategory': 'Shock Absorber Test'}, {'code': '31021', 'value': 483.0, 'testCategory': 'Shock Absorber Test'}, {'code': '31022', 'value': 895.0, 'testCategory': 'Shock Absorber Test'}, {'code': '43110', 'value': 1561.0, 'testCategory': 'Shock Absorber Test'}, {'code': '50000', 'value': 2.34, 'testCategory': 'Brake Test'}, {'code': '50001', 'value': 2.267, 'testCategory': 'Brake Test'}, {'code': '50010', 'value': 3.0, 'testCategory': 'Brake Test'}, {'code': '50100', 'value': 412.0, 'testCategory': 'Brake Test'}, {'code': '50101', 'value': 483.0, 'testCategory': 'Brake Test'}, {'code': '59000', 'value': 55.0, 'testCategory': 'Brake Test'}, {'code': '59010', 'value': 55.0, 'testCategory': 'Brake Test'}, {'code': '59840', 'value': 19.0, 'testCategory': 'Brake Performance'}, {'code': '59880', 'value': 24.0, 'testCategory': 'Brake Performance'}, {'code': '44024', 'value': 350.0, 'testCategory': 'Brake Performance'}, {'code': '70004', 'value': 'ok', 'testCategory': 'Visual Defects'}, {'code': '70001', 'value': 4, 'testCategory': 'Visual Defects'}, {'code': '70024', 'value': 'PASS', 'testCategory': 'Emissions Test'}, {'code': '70021', 'value': 4, 'testCategory': 'Emissions Test'}]}
2026-01-20 15:35:16,875 | INFO | Step 1.2.5: Data sent to API successfully
2026-01-20 15:35:16,886 | INFO | Step 1.2.6: Processing completed successfully: /app/Dump/20220913101636.TXT
2026-01-20 15:36:03,958 | INFO | Step 1: Dump folder watcher starting (watching: /app/Dump)
2026-01-20 15:36:03,974 | INFO | Step 2: Dump folder watcher started (watching: /app/Dump)
2026-01-20 15:36:04,003 | INFO | Step 3: System found existing dump file at startup: /app/Dump/20220913101552.TXT
2026-01-20 15:36:04,020 | INFO | Event: created -> /app/Dump/.processing.lock
2026-01-20 15:36:04,042 | INFO | Event: modified -> /app/Dump/.processing.lock
2026-01-20 15:36:04,095 | INFO | Step 1.1.1: Processing file: /app/Dump/ES_OUT_NEW.TXT
2026-01-20 15:36:04,220 | INFO | Step 1.1.2: Built payload with 32 results
2026-01-20 15:36:04,220 | INFO | Step 1.1.3: Sending data to API...
2026-01-20 15:36:04,221 | INFO | Step 1.1.4: Payload: {'inspectionReference': 'MAHA-20220913-1015', 'inspectionDate': '2022-09-13T10:15:00Z', 'source': 'MAHA', 'inspectorName': 'CPL NTWALI EMMANUEL', 'inspectionTime': '10:15', 'plateNumber': 'RAF597V', 'ChassisNo': '0.000', 'manufacturer': 'VOITURE', 'vehicleYype': 'TOYOTA', 'axleCount': '2.000', 'laneNumber': '4', 'overallResult': 'PASS', 'inspectionResults': [{'code': '10100', 'value': 'RAF597V', 'testCategory': 'Vehicle Identification'}, {'code': '10201', 'value': 'VOITURE', 'testCategory': 'Vehicle Identification'}, {'code': '10200', 'value': 'TOYOTA', 'testCategory': 'Vehicle Identification'}, {'code': '10190', 'value': 2.0, 'testCategory': 'Vehicle Identification'}, {'code': '10192', 'value': 0.0, 'testCategory': 'Vehicle Identification'}, {'code': '10107', 'value': 20220913, 'testCategory': 'Vehicle Identification'}, {'code': '10131', 'value': '10:15', 'testCategory': 'Vehicle Identification'}, {'code': '10512', 'value': 'CPL NTWALI EMMANUEL', 'testCategory': 'Vehicle Identification'}, {'code': '10010', 'value': 4, 'testCategory': 'Vehicle Identification'}, {'code': '30000', 'value': -5, 'testCategory': 'Side-Slip Test'}, {'code': '30001', 'value': -6, 'testCategory': 'Side-Slip Test'}, {'code': '31004', 'value': 90.001, 'testCategory': 'Shock Absorber Test'}, {'code': '31005', 'value': 90.001, 'testCategory': 'Shock Absorber Test'}, {'code': '31006', 'value': 0.0, 'testCategory': 'Shock Absorber Test'}, {'code': '31020', 'value': 299.0, 'testCategory': 'Shock Absorber Test'}, {'code': '31021', 'value': 391.0, 'testCategory': 'Shock Absorber Test'}, {'code': '31022', 'value': 690.0, 'testCategory': 'Shock Absorber Test'}, {'code': '43110', 'value': 1214.0, 'testCategory': 'Shock Absorber Test'}, {'code': '50000', 'value': 2.243, 'testCategory': 'Brake Test'}, {'code': '50001', 'value': 2.215, 'testCategory': 'Brake Test'}, {'code': '50010', 'value': 1.0, 'testCategory': 'Brake Test'}, {'code': '50100', 'value': 299.0, 'testCategory': 'Brake Test'}, {'code': '50101', 'value': 391.0, 'testCategory': 'Brake Test'}, {'code': '59000', 'value': 60.0, 'testCategory': 'Brake Test'}, {'code': '59010', 'value': 60.0, 'testCategory': 'Brake Test'}, {'code': '59840', 'value': 84.0, 'testCategory': 'Brake Performance'}, {'code': '59880', 'value': 85.0, 'testCategory': 'Brake Performance'}, {'code': '44024', 'value': 350.0, 'testCategory': 'Brake Performance'}, {'code': '70004', 'value': 'OK', 'testCategory': 'Visual Defects'}, {'code': '70001', 'value': 4, 'testCategory': 'Visual Defects'}, {'code': '70024', 'value': 'PASS', 'testCategory': 'Emissions Test'}, {'code': '70021', 'value': 4, 'testCategory': 'Emissions Test'}]}
2026-01-20 15:36:04,274 | INFO | Step 1.1.5: Data sent to API successfully
2026-01-20 15:36:04,291 | INFO | Step 1.1.6: Processing completed successfully: /app/Dump/ES_OUT_NEW.TXT
2026-01-20 15:36:04,292 | INFO | Step 1.2.1: Processing file: /app/Dump/20220913101552.TXT
2026-01-20 15:36:04,462 | INFO | Step 1.2.2: Built payload with 32 results
2026-01-20 15:36:04,463 | INFO | Step 1.2.3: Sending data to API...
2026-01-20 15:36:04,464 | INFO | Step 1.2.4: Payload: {'inspectionReference': 'MAHA-20220913-1015', 'inspectionDate': '2022-09-13T10:15:00Z', 'source': 'MAHA', 'inspectorName': 'CPL NTWALI EMMANUEL', 'inspectionTime': '10:15', 'plateNumber': 'RAF597V', 'ChassisNo': '0.000', 'manufacturer': 'VOITURE', 'vehicleYype': 'TOYOTA', 'axleCount': '2.000', 'laneNumber': '4', 'overallResult': 'PASS', 'inspectionResults': [{'code': '10100', 'value': 'RAF597V', 'testCategory': 'Vehicle Identification'}, {'code': '10201', 'value': 'VOITURE', 'testCategory': 'Vehicle Identification'}, {'code': '10200', 'value': 'TOYOTA', 'testCategory': 'Vehicle Identification'}, {'code': '10190', 'value': 2.0, 'testCategory': 'Vehicle Identification'}, {'code': '10192', 'value': 0.0, 'testCategory': 'Vehicle Identification'}, {'code': '10107', 'value': 20220913, 'testCategory': 'Vehicle Identification'}, {'code': '10131', 'value': '10:15', 'testCategory': 'Vehicle Identification'}, {'code': '10512', 'value': 'CPL NTWALI EMMANUEL', 'testCategory': 'Vehicle Identification'}, {'code': '10010', 'value': 4, 'testCategory': 'Vehicle Identification'}, {'code': '30000', 'value': -5, 'testCategory': 'Side-Slip Test'}, {'code': '30001', 'value': -6, 'testCategory': 'Side-Slip Test'}, {'code': '31004', 'value': 90.001, 'testCategory': 'Shock Absorber Test'}, {'code': '31005', 'value': 90.001, 'testCategory': 'Shock Absorber Test'}, {'code': '31006', 'value': 0.0, 'testCategory': 'Shock Absorber Test'}, {'code': '31020', 'value': 299.0, 'testCategory': 'Shock Absorber Test'}, {'code': '31021', 'value': 391.0, 'testCategory': 'Shock Absorber Test'}, {'code': '31022', 'value': 690.0, 'testCategory': 'Shock Absorber Test'}, {'code': '43110', 'value': 1214.0, 'testCategory': 'Shock Absorber Test'}, {'code': '50000', 'value': 2.243, 'testCategory': 'Brake Test'}, {'code': '50001', 'value': 2.215, 'testCategory': 'Brake Test'}, {'code': '50010', 'value': 1.0, 'testCategory': 'Brake Test'}, {'code': '50100', 'value': 299.0, 'testCategory': 'Brake Test'}, {'code': '50101', 'value': 391.0, 'testCategory': 'Brake Test'}, {'code': '59000', 'value': 60.0, 'testCategory': 'Brake Test'}, {'code': '59010', 'value': 60.0, 'testCategory': 'Brake Test'}, {'code': '59840', 'value': 84.0, 'testCategory': 'Brake Performance'}, {'code': '59880', 'value': 85.0, 'testCategory': 'Brake Performance'}, {'code': '44024', 'value': 350.0, 'testCategory': 'Brake Performance'}, {'code': '70004', 'value': 'OK', 'testCategory': 'Visual Defects'}, {'code': '70001', 'value': 4, 'testCategory': 'Visual Defects'}, {'code': '70024', 'value': 'PASS', 'testCategory': 'Emissions Test'}, {'code': '70021', 'value': 4, 'testCategory': 'Emissions Test'}]}
2026-01-20 15:36:04,515 | INFO | Step 1.2.5: Data sent to API successfully
2026-01-20 15:36:04,532 | INFO | Step 1.2.6: Processing completed successfully: /app/Dump/20220913101552.TXT
2026-01-20 15:36:04,533 | INFO | Step 1.3.1: Processing file: /app/Dump/20220913101636.TXT
2026-01-20 15:36:04,611 | INFO | Step 1.3.2: Built payload with 31 results
2026-01-20 15:36:04,612 | INFO | Step 1.3.3: Sending data to API...
2026-01-20 15:36:04,612 | INFO | Step 1.3.4: Payload: {'inspectionReference': 'MAHA-20220913-1016', 'inspectionDate': '2022-09-13T10:16:00Z', 'source': 'MAHA', 'inspectorName': 'CPL NSHIMIYIMANA Emman', 'inspectionTime': '10:16', 'plateNumber': 'RAD715N', 'ChassisNo': '0.000', 'manufacturer': 'RAV4', 'vehicleYype': '', 'axleCount': '2.000', 'laneNumber': '4', 'overallResult': 'PASS', 'inspectionResults': [{'code': '10100', 'value': 'RAD715N', 'testCategory': 'Vehicle Identification'}, {'code': '10201', 'value': 'RAV4', 'testCategory': 'Vehicle Identification'}, {'code': '10190', 'value': 2.0, 'testCategory': 'Vehicle Identification'}, {'code': '10192', 'value': 0.0, 'testCategory': 'Vehicle Identification'}, {'code': '10107', 'value': 20220913, 'testCategory': 'Vehicle Identification'}, {'code': '10131', 'value': '10:16', 'testCategory': 'Vehicle Identification'}, {'code': '10512', 'value': 'CPL NSHIMIYIMANA Emman', 'testCategory': 'Vehicle Identification'}, {'code': '10010', 'value': 4, 'testCategory': 'Vehicle Identification'}, {'code': '30000', 'value': 2.4, 'testCategory': 'Side-Slip Test'}, {'code': '30001', 'value': 3.0, 'testCategory': 'Side-Slip Test'}, {'code': '31004', 'value': 90.001, 'testCategory': 'Shock Absorber Test'}, {'code': '31005', 'value': 90.001, 'testCategory': 'Shock Absorber Test'}, {'code': '31006', 'value': 0.0, 'testCategory': 'Shock Absorber Test'}, {'code': '31020', 'value': 412.0, 'testCategory': 'Shock Absorber Test'}, {'code': '31021', 'value': 483.0, 'testCategory': 'Shock Absorber Test'}, {'code': '31022', 'value': 895.0, 'testCategory': 'Shock Absorber Test'}, {'code': '43110', 'value': 1561.0, 'testCategory': 'Shock Absorber Test'}, {'code': '50000', 'value': 2.34, 'testCategory': 'Brake Test'}, {'code': '50001', 'value': 2.267, 'testCategory': 'Brake Test'}, {'code': '50010', 'value': 3.0, 'testCategory': 'Brake Test'}, {'code': '50100', 'value': 412.0, 'testCategory': 'Brake Test'}, {'code': '50101', 'value': 483.0, 'testCategory': 'Brake Test'}, {'code': '59000', 'value': 55.0, 'testCategory': 'Brake Test'}, {'code': '59010', 'value': 55.0, 'testCategory': 'Brake Test'}, {'code': '59840', 'value': 19.0, 'testCategory': 'Brake Performance'}, {'code': '59880', 'value': 24.0, 'testCategory': 'Brake Performance'}, {'code': '44024', 'value': 350.0, 'testCategory': 'Brake Performance'}, {'code': '70004', 'value': 'ok', 'testCategory': 'Visual Defects'}, {'code': '70001', 'value': 4, 'testCategory': 'Visual Defects'}, {'code': '70024', 'value': 'PASS', 'testCategory': 'Emissions Test'}, {'code': '70021', 'value': 4, 'testCategory': 'Emissions Test'}]}
2026-01-20 15:36:04,663 | INFO | Step 1.3.5: Data sent to API successfully
2026-01-20 15:36:04,678 | INFO | Step 1.3.6: Processing completed successfully: /app/Dump/20220913101636.TXT
2026-01-20 15:36:04,679 | INFO | Step 1.4.1: Processing file: /app/Dump/RAD123O.TXT
2026-01-20 15:36:04,727 | INFO | Step 1.4.2: Built payload with 31 results
2026-01-20 15:36:04,727 | INFO | Step 1.4.3: Sending data to API...
2026-01-20 15:36:04,728 | INFO | Step 1.4.4: Payload: {'inspectionReference': 'MAHA-20220913-1016', 'inspectionDate': '2022-09-13T10:16:00Z', 'source': 'MAHA', 'inspectorName': 'SGT MUNYENTWALI', 'inspectionTime': '10:16', 'plateNumber': 'RAB213Y', 'ChassisNo': '0.000', 'manufacturer': 'TOYOTA', 'vehicleYype': 'TOYOTA', 'axleCount': '2.000', 'laneNumber': '4', 'overallResult': 'PASS', 'inspectionResults': [{'code': '10100', 'value': 'RAB213Y', 'testCategory': 'Vehicle Identification'}, {'code': '10200', 'value': 'TOYOTA', 'testCategory': 'Vehicle Identification'}, {'code': '10190', 'value': 2.0, 'testCategory': 'Vehicle Identification'}, {'code': '10192', 'value': 0.0, 'testCategory': 'Vehicle Identification'}, {'code': '10107', 'value': 20220913, 'testCategory': 'Vehicle Identification'}, {'code': '10131', 'value': '10:16', 'testCategory': 'Vehicle Identification'}, {'code': '10512', 'value': 'SGT MUNYENTWALI', 'testCategory': 'Vehicle Identification'}, {'code': '10010', 'value': 4, 'testCategory': 'Vehicle Identification'}, {'code': '30000', 'value': '-----', 'testCategory': 'Side-Slip Test'}, {'code': '30001', 'value': '-----', 'testCategory': 'Side-Slip Test'}, {'code': '31004', 'value': '-----', 'testCategory': 'Shock Absorber Test'}, {'code': '31005', 'value': '-----', 'testCategory': 'Shock Absorber Test'}, {'code': '31006', 'value': '-----', 'testCategory': 'Shock Absorber Test'}, {'code': '31020', 'value': '-----', 'testCategory': 'Shock Absorber Test'}, {'code': '31021', 'value': '-----', 'testCategory': 'Shock Absorber Test'}, {'code': '31022', 'value': '-----', 'testCategory': 'Shock Absorber Test'}, {'code': '43110', 'value': '-----', 'testCategory': 'Shock Absorber Test'}, {'code': '50000', 'value': '-----', 'testCategory': 'Brake Test'}, {'code': '50001', 'value': '-----', 'testCategory': 'Brake Test'}, {'code': '50010', 'value': '-----', 'testCategory': 'Brake Test'}, {'code': '50100', 'value': '-----', 'testCategory': 'Brake Test'}, {'code': '50101', 'value': '-----', 'testCategory': 'Brake Test'}, {'code': '59000', 'value': '-----', 'testCategory': 'Brake Test'}, {'code': '59010', 'value': '-----', 'testCategory': 'Brake Test'}, {'code': '59840', 'value': '-----', 'testCategory': 'Brake Performance'}, {'code': '59880', 'value': '-----', 'testCategory': 'Brake Performance'}, {'code': '44024', 'value': 350.0, 'testCategory': 'Brake Performance'}, {'code': '70004', 'value': 'OK', 'testCategory': 'Visual Defects'}, {'code': '70001', 'value': 4, 'testCategory': 'Visual Defects'}, {'code': '70024', 'value': 'PASS', 'testCategory': 'Emissions Test'}, {'code': '70021', 'value': 4, 'testCategory': 'Emissions Test'}]}
2026-01-20 15:36:04,779 | INFO | Step 1.4.5: Data sent to API successfully
2026-01-20 15:36:04,793 | INFO | Step 1.4.6: Processing completed successfully: /app/Dump/RAD123O.TXT
2026-01-20 15:40:53,874 | INFO | Step 1: Dump folder watcher starting (watching: /app/Dump)
2026-01-20 15:40:53,890 | INFO | Step 2: Dump folder watcher started (watching: /app/Dump)
2026-01-20 15:40:53,899 | INFO | Step 3: System found existing dump file at startup: /app/Dump/20220913101552.TXT
2026-01-20 15:40:53,907 | INFO | Event: created -> /app/Dump/.processing.lock
2026-01-20 15:40:53,909 | INFO | Event: modified -> /app/Dump/.processing.lock
2026-01-20 15:40:53,957 | INFO | Step 1.1.1: Processing file: /app/Dump/ES_OUT_NEW.TXT
2026-01-20 15:40:54,145 | INFO | Step 1.1.2: Built payload with 32 results
2026-01-20 15:40:54,146 | INFO | Step 1.1.3: Sending data to API...
2026-01-20 15:40:54,146 | INFO | Step 1.1.4: Payload: {'inspectionReference': 'MAHA-20220913-1015', 'inspectionDate': '2022-09-13T10:15:00Z', 'source': 'MAHA', 'inspectorName': 'CPL NTWALI EMMANUEL', 'inspectionTime': '10:15', 'plateNumber': 'RAF597V', 'ChassisNo': '0.000', 'manufacturer': 'VOITURE', 'vehicleYype': 'TOYOTA', 'axleCount': '2.000', 'laneNumber': '4', 'overallResult': 'PASS', 'inspectionResults': [{'code': '10100', 'value': 'RAF597V', 'testCategory': 'Vehicle Identification'}, {'code': '10201', 'value': 'VOITURE', 'testCategory': 'Vehicle Identification'}, {'code': '10200', 'value': 'TOYOTA', 'testCategory': 'Vehicle Identification'}, {'code': '10190', 'value': 2.0, 'testCategory': 'Vehicle Identification'}, {'code': '10192', 'value': 0.0, 'testCategory': 'Vehicle Identification'}, {'code': '10107', 'value': 20220913, 'testCategory': 'Vehicle Identification'}, {'code': '10131', 'value': '10:15', 'testCategory': 'Vehicle Identification'}, {'code': '10512', 'value': 'CPL NTWALI EMMANUEL', 'testCategory': 'Vehicle Identification'}, {'code': '10010', 'value': 4, 'testCategory': 'Vehicle Identification'}, {'code': '30000', 'value': -5, 'testCategory': 'Side-Slip Test'}, {'code': '30001', 'value': -6, 'testCategory': 'Side-Slip Test'}, {'code': '31004', 'value': 90.001, 'testCategory': 'Shock Absorber Test'}, {'code': '31005', 'value': 90.001, 'testCategory': 'Shock Absorber Test'}, {'code': '31006', 'value': 0.0, 'testCategory': 'Shock Absorber Test'}, {'code': '31020', 'value': 299.0, 'testCategory': 'Shock Absorber Test'}, {'code': '31021', 'value': 391.0, 'testCategory': 'Shock Absorber Test'}, {'code': '31022', 'value': 690.0, 'testCategory': 'Shock Absorber Test'}, {'code': '43110', 'value': 1214.0, 'testCategory': 'Shock Absorber Test'}, {'code': '50000', 'value': 2.243, 'testCategory': 'Brake Test'}, {'code': '50001', 'value': 2.215, 'testCategory': 'Brake Test'}, {'code': '50010', 'value': 1.0, 'testCategory': 'Brake Test'}, {'code': '50100', 'value': 299.0, 'testCategory': 'Brake Test'}, {'code': '50101', 'value': 391.0, 'testCategory': 'Brake Test'}, {'code': '59000', 'value': 60.0, 'testCategory': 'Brake Test'}, {'code': '59010', 'value': 60.0, 'testCategory': 'Brake Test'}, {'code': '59840', 'value': 84.0, 'testCategory': 'Brake Performance'}, {'code': '59880', 'value': 85.0, 'testCategory': 'Brake Performance'}, {'code': '44024', 'value': 350.0, 'testCategory': 'Brake Performance'}, {'code': '70004', 'value': 'OK', 'testCategory': 'Visual Defects'}, {'code': '70001', 'value': 4, 'testCategory': 'Visual Defects'}, {'code': '70024', 'value': 'PASS', 'testCategory': 'Emissions Test'}, {'code': '70021', 'value': 4, 'testCategory': 'Emissions Test'}]}
2026-01-20 15:40:54,199 | INFO | Step 1.1.5: Data sent to API successfully
2026-01-20 15:40:54,217 | INFO | Step 1.1.6: Processing completed successfully: /app/Dump/ES_OUT_NEW.TXT
2026-01-20 15:40:54,218 | INFO | Step 1.2.1: Processing file: /app/Dump/20220913101552.TXT
2026-01-20 15:40:54,375 | INFO | Step 1.2.2: Built payload with 32 results
2026-01-20 15:40:54,375 | INFO | Step 1.2.3: Sending data to API...
2026-01-20 15:40:54,376 | INFO | Step 1.2.4: Payload: {'inspectionReference': 'MAHA-20220913-1015', 'inspectionDate': '2022-09-13T10:15:00Z', 'source': 'MAHA', 'inspectorName': 'CPL NTWALI EMMANUEL', 'inspectionTime': '10:15', 'plateNumber': 'RAF597V', 'ChassisNo': '0.000', 'manufacturer': 'VOITURE', 'vehicleYype': 'TOYOTA', 'axleCount': '2.000', 'laneNumber': '4', 'overallResult': 'PASS', 'inspectionResults': [{'code': '10100', 'value': 'RAF597V', 'testCategory': 'Vehicle Identification'}, {'code': '10201', 'value': 'VOITURE', 'testCategory': 'Vehicle Identification'}, {'code': '10200', 'value': 'TOYOTA', 'testCategory': 'Vehicle Identification'}, {'code': '10190', 'value': 2.0, 'testCategory': 'Vehicle Identification'}, {'code': '10192', 'value': 0.0, 'testCategory': 'Vehicle Identification'}, {'code': '10107', 'value': 20220913, 'testCategory': 'Vehicle Identification'}, {'code': '10131', 'value': '10:15', 'testCategory': 'Vehicle Identification'}, {'code': '10512', 'value': 'CPL NTWALI EMMANUEL', 'testCategory': 'Vehicle Identification'}, {'code': '10010', 'value': 4, 'testCategory': 'Vehicle Identification'}, {'code': '30000', 'value': -5, 'testCategory': 'Side-Slip Test'}, {'code': '30001', 'value': -6, 'testCategory': 'Side-Slip Test'}, {'code': '31004', 'value': 90.001, 'testCategory': 'Shock Absorber Test'}, {'code': '31005', 'value': 90.001, 'testCategory': 'Shock Absorber Test'}, {'code': '31006', 'value': 0.0, 'testCategory': 'Shock Absorber Test'}, {'code': '31020', 'value': 299.0, 'testCategory': 'Shock Absorber Test'}, {'code': '31021', 'value': 391.0, 'testCategory': 'Shock Absorber Test'}, {'code': '31022', 'value': 690.0, 'testCategory': 'Shock Absorber Test'}, {'code': '43110', 'value': 1214.0, 'testCategory': 'Shock Absorber Test'}, {'code': '50000', 'value': 2.243, 'testCategory': 'Brake Test'}, {'code': '50001', 'value': 2.215, 'testCategory': 'Brake Test'}, {'code': '50010', 'value': 1.0, 'testCategory': 'Brake Test'}, {'code': '50100', 'value': 299.0, 'testCategory': 'Brake Test'}, {'code': '50101', 'value': 391.0, 'testCategory': 'Brake Test'}, {'code': '59000', 'value': 60.0, 'testCategory': 'Brake Test'}, {'code': '59010', 'value': 60.0, 'testCategory': 'Brake Test'}, {'code': '59840', 'value': 84.0, 'testCategory': 'Brake Performance'}, {'code': '59880', 'value': 85.0, 'testCategory': 'Brake Performance'}, {'code': '44024', 'value': 350.0, 'testCategory': 'Brake Performance'}, {'code': '70004', 'value': 'OK', 'testCategory': 'Visual Defects'}, {'code': '70001', 'value': 4, 'testCategory': 'Visual Defects'}, {'code': '70024', 'value': 'PASS', 'testCategory': 'Emissions Test'}, {'code': '70021', 'value': 4, 'testCategory': 'Emissions Test'}]}
2026-01-20 15:40:54,427 | INFO | Step 1.2.5: Data sent to API successfully
2026-01-20 15:40:54,449 | INFO | Step 1.2.6: Processing completed successfully: /app/Dump/20220913101552.TXT
2026-01-20 15:40:54,450 | INFO | Step 1.3.1: Processing file: /app/Dump/20220913101636.TXT
2026-01-20 15:40:54,586 | INFO | Step 1.3.2: Built payload with 31 results
2026-01-20 15:40:54,587 | INFO | Step 1.3.3: Sending data to API...
2026-01-20 15:40:54,587 | INFO | Step 1.3.4: Payload: {'inspectionReference': 'MAHA-20220913-1016', 'inspectionDate': '2022-09-13T10:16:00Z', 'source': 'MAHA', 'inspectorName': 'CPL NSHIMIYIMANA Emman', 'inspectionTime': '10:16', 'plateNumber': 'RAD715N', 'ChassisNo': '0.000', 'manufacturer': 'RAV4', 'vehicleYype': '', 'axleCount': '2.000', 'laneNumber': '4', 'overallResult': 'PASS', 'inspectionResults': [{'code': '10100', 'value': 'RAD715N', 'testCategory': 'Vehicle Identification'}, {'code': '10201', 'value': 'RAV4', 'testCategory': 'Vehicle Identification'}, {'code': '10190', 'value': 2.0, 'testCategory': 'Vehicle Identification'}, {'code': '10192', 'value': 0.0, 'testCategory': 'Vehicle Identification'}, {'code': '10107', 'value': 20220913, 'testCategory': 'Vehicle Identification'}, {'code': '10131', 'value': '10:16', 'testCategory': 'Vehicle Identification'}, {'code': '10512', 'value': 'CPL NSHIMIYIMANA Emman', 'testCategory': 'Vehicle Identification'}, {'code': '10010', 'value': 4, 'testCategory': 'Vehicle Identification'}, {'code': '30000', 'value': 2.4, 'testCategory': 'Side-Slip Test'}, {'code': '30001', 'value': 3.0, 'testCategory': 'Side-Slip Test'}, {'code': '31004', 'value': 90.001, 'testCategory': 'Shock Absorber Test'}, {'code': '31005', 'value': 90.001, 'testCategory': 'Shock Absorber Test'}, {'code': '31006', 'value': 0.0, 'testCategory': 'Shock Absorber Test'}, {'code': '31020', 'value': 412.0, 'testCategory': 'Shock Absorber Test'}, {'code': '31021', 'value': 483.0, 'testCategory': 'Shock Absorber Test'}, {'code': '31022', 'value': 895.0, 'testCategory': 'Shock Absorber Test'}, {'code': '43110', 'value': 1561.0, 'testCategory': 'Shock Absorber Test'}, {'code': '50000', 'value': 2.34, 'testCategory': 'Brake Test'}, {'code': '50001', 'value': 2.267, 'testCategory': 'Brake Test'}, {'code': '50010', 'value': 3.0, 'testCategory': 'Brake Test'}, {'code': '50100', 'value': 412.0, 'testCategory': 'Brake Test'}, {'code': '50101', 'value': 483.0, 'testCategory': 'Brake Test'}, {'code': '59000', 'value': 55.0, 'testCategory': 'Brake Test'}, {'code': '59010', 'value': 55.0, 'testCategory': 'Brake Test'}, {'code': '59840', 'value': 19.0, 'testCategory': 'Brake Performance'}, {'code': '59880', 'value': 24.0, 'testCategory': 'Brake Performance'}, {'code': '44024', 'value': 350.0, 'testCategory': 'Brake Performance'}, {'code': '70004', 'value': 'ok', 'testCategory': 'Visual Defects'}, {'code': '70001', 'value': 4, 'testCategory': 'Visual Defects'}, {'code': '70024', 'value': 'PASS', 'testCategory': 'Emissions Test'}, {'code': '70021', 'value': 4, 'testCategory': 'Emissions Test'}]}
2026-01-20 15:40:54,638 | INFO | Step 1.3.5: Data sent to API successfully
2026-01-20 15:40:54,657 | INFO | Step 1.3.6: Processing completed successfully: /app/Dump/20220913101636.TXT
2026-01-20 15:40:54,659 | INFO | Step 1.4.1: Processing file: /app/Dump/RAD123O.TXT
2026-01-20 15:40:54,729 | INFO | Step 1.4.2: Built payload with 31 results
2026-01-20 15:40:54,729 | INFO | Step 1.4.3: Sending data to API...
2026-01-20 15:40:54,730 | INFO | Step 1.4.4: Payload: {'inspectionReference': 'MAHA-20220913-1016', 'inspectionDate': '2022-09-13T10:16:00Z', 'source': 'MAHA', 'inspectorName': 'SGT MUNYENTWALI', 'inspectionTime': '10:16', 'plateNumber': 'RAB213Y', 'ChassisNo': '0.000', 'manufacturer': 'TOYOTA', 'vehicleYype': 'TOYOTA', 'axleCount': '2.000', 'laneNumber': '4', 'overallResult': 'PASS', 'inspectionResults': [{'code': '10100', 'value': 'RAB213Y', 'testCategory': 'Vehicle Identification'}, {'code': '10200', 'value': 'TOYOTA', 'testCategory': 'Vehicle Identification'}, {'code': '10190', 'value': 2.0, 'testCategory': 'Vehicle Identification'}, {'code': '10192', 'value': 0.0, 'testCategory': 'Vehicle Identification'}, {'code': '10107', 'value': 20220913, 'testCategory': 'Vehicle Identification'}, {'code': '10131', 'value': '10:16', 'testCategory': 'Vehicle Identification'}, {'code': '10512', 'value': 'SGT MUNYENTWALI', 'testCategory': 'Vehicle Identification'}, {'code': '10010', 'value': 4, 'testCategory': 'Vehicle Identification'}, {'code': '30000', 'value': '-----', 'testCategory': 'Side-Slip Test'}, {'code': '30001', 'value': '-----', 'testCategory': 'Side-Slip Test'}, {'code': '31004', 'value': '-----', 'testCategory': 'Shock Absorber Test'}, {'code': '31005', 'value': '-----', 'testCategory': 'Shock Absorber Test'}, {'code': '31006', 'value': '-----', 'testCategory': 'Shock Absorber Test'}, {'code': '31020', 'value': '-----', 'testCategory': 'Shock Absorber Test'}, {'code': '31021', 'value': '-----', 'testCategory': 'Shock Absorber Test'}, {'code': '31022', 'value': '-----', 'testCategory': 'Shock Absorber Test'}, {'code': '43110', 'value': '-----', 'testCategory': 'Shock Absorber Test'}, {'code': '50000', 'value': '-----', 'testCategory': 'Brake Test'}, {'code': '50001', 'value': '-----', 'testCategory': 'Brake Test'}, {'code': '50010', 'value': '-----', 'testCategory': 'Brake Test'}, {'code': '50100', 'value': '-----', 'testCategory': 'Brake Test'}, {'code': '50101', 'value': '-----', 'testCategory': 'Brake Test'}, {'code': '59000', 'value': '-----', 'testCategory': 'Brake Test'}, {'code': '59010', 'value': '-----', 'testCategory': 'Brake Test'}, {'code': '59840', 'value': '-----', 'testCategory': 'Brake Performance'}, {'code': '59880', 'value': '-----', 'testCategory': 'Brake Performance'}, {'code': '44024', 'value': 350.0, 'testCategory': 'Brake Performance'}, {'code': '70004', 'value': 'OK', 'testCategory': 'Visual Defects'}, {'code': '70001', 'value': 4, 'testCategory': 'Visual Defects'}, {'code': '70024', 'value': 'PASS', 'testCategory': 'Emissions Test'}, {'code': '70021', 'value': 4, 'testCategory': 'Emissions Test'}]}
2026-01-20 15:40:54,781 | INFO | Step 1.4.5: Data sent to API successfully
2026-01-20 15:40:54,798 | INFO | Step 1.4.6: Processing completed successfully: /app/Dump/RAD123O.TXT
2026-01-20 15:41:23,803 | INFO | Step 1.1: Polling detected new dump file: ES_OUT_NEW.TXT
2026-01-20 15:41:23,803 | INFO | Polling detected new file (watchdog may have missed it): ES_OUT_NEW.TXT
2026-01-20 15:41:23,808 | INFO | Event: created -> /app/Dump/.processing.lock
2026-01-20 15:41:23,810 | INFO | Event: modified -> /app/Dump/.processing.lock
2026-01-20 15:41:23,820 | INFO | Step 2.1.1: Processing file: /app/Dump/ES_OUT_NEW.TXT
2026-01-20 15:41:23,894 | INFO | Step 2.1.2: Built payload with 32 results
2026-01-20 15:41:23,894 | INFO | Step 2.1.3: Sending data to API...
2026-01-20 15:41:23,894 | INFO | Step 2.1.4: Payload: {'inspectionReference': 'MAHA-20220913-1015', 'inspectionDate': '2022-09-13T10:15:00Z', 'source': 'MAHA', 'inspectorName': 'CPL NTWALI EMMANUEL', 'inspectionTime': '10:15', 'plateNumber': 'RAF597V', 'ChassisNo': '0.000', 'manufacturer': 'VOITURE', 'vehicleYype': 'TOYOTA', 'axleCount': '2.000', 'laneNumber': '4', 'overallResult': 'PASS', 'inspectionResults': [{'code': '10100', 'value': 'RAF597V', 'testCategory': 'Vehicle Identification'}, {'code': '10201', 'value': 'VOITURE', 'testCategory': 'Vehicle Identification'}, {'code': '10200', 'value': 'TOYOTA', 'testCategory': 'Vehicle Identification'}, {'code': '10190', 'value': 2.0, 'testCategory': 'Vehicle Identification'}, {'code': '10192', 'value': 0.0, 'testCategory': 'Vehicle Identification'}, {'code': '10107', 'value': 20220913, 'testCategory': 'Vehicle Identification'}, {'code': '10131', 'value': '10:15', 'testCategory': 'Vehicle Identification'}, {'code': '10512', 'value': 'CPL NTWALI EMMANUEL', 'testCategory': 'Vehicle Identification'}, {'code': '10010', 'value': 4, 'testCategory': 'Vehicle Identification'}, {'code': '30000', 'value': -5, 'testCategory': 'Side-Slip Test'}, {'code': '30001', 'value': -6, 'testCategory': 'Side-Slip Test'}, {'code': '31004', 'value': 90.001, 'testCategory': 'Shock Absorber Test'}, {'code': '31005', 'value': 90.001, 'testCategory': 'Shock Absorber Test'}, {'code': '31006', 'value': 0.0, 'testCategory': 'Shock Absorber Test'}, {'code': '31020', 'value': 299.0, 'testCategory': 'Shock Absorber Test'}, {'code': '31021', 'value': 391.0, 'testCategory': 'Shock Absorber Test'}, {'code': '31022', 'value': 690.0, 'testCategory': 'Shock Absorber Test'}, {'code': '43110', 'value': 1214.0, 'testCategory': 'Shock Absorber Test'}, {'code': '50000', 'value': 2.243, 'testCategory': 'Brake Test'}, {'code': '50001', 'value': 2.215, 'testCategory': 'Brake Test'}, {'code': '50010', 'value': 1.0, 'testCategory': 'Brake Test'}, {'code': '50100', 'value': 299.0, 'testCategory': 'Brake Test'}, {'code': '50101', 'value': 391.0, 'testCategory': 'Brake Test'}, {'code': '59000', 'value': 60.0, 'testCategory': 'Brake Test'}, {'code': '59010', 'value': 60.0, 'testCategory': 'Brake Test'}, {'code': '59840', 'value': 84.0, 'testCategory': 'Brake Performance'}, {'code': '59880', 'value': 85.0, 'testCategory': 'Brake Performance'}, {'code': '44024', 'value': 350.0, 'testCategory': 'Brake Performance'}, {'code': '70004', 'value': 'OK', 'testCategory': 'Visual Defects'}, {'code': '70001', 'value': 4, 'testCategory': 'Visual Defects'}, {'code': '70024', 'value': 'PASS', 'testCategory': 'Emissions Test'}, {'code': '70021', 'value': 4, 'testCategory': 'Emissions Test'}]}
2026-01-20 15:41:23,946 | INFO | Step 2.1.5: Data sent to API successfully
2026-01-20 15:41:23,956 | INFO | Step 2.1.6: Processing completed successfully: /app/Dump/ES_OUT_NEW.TXT
2026-01-20 15:41:50,841 | INFO | Event: created -> /app/Dump/test_polling_1.txt
2026-01-20 15:41:50,843 | INFO | Step 2.1: System detected new dump file: /app/Dump/test_polling_1.txt
2026-01-20 15:41:50,856 | INFO | Step 3.1.1: Processing file: /app/Dump/test_polling_1.txt
2026-01-20 15:41:50,875 | INFO | Step 3.1.2: Built payload with 10 results
2026-01-20 15:41:50,875 | INFO | Step 3.1.3: Sending data to API...
2026-01-20 15:41:50,875 | INFO | Step 3.1.4: Payload: {'inspectionReference': 'MAHA-20260120-0815', 'inspectionDate': '2026-01-20T08:15:00Z', 'source': 'MAHA', 'inspectorName': 'Hassan Ali', 'inspectionTime': '08:15', 'plateNumber': 'TEST001', 'ChassisNo': 'VIN000000000TEST001', 'manufacturer': 'FORD', 'vehicleYype': 'TRUCK', 'axleCount': 6, 'laneNumber': 'Lane5', 'overallResult': 'PASS', 'inspectionResults': [{'code': '10100', 'value': 'TEST001', 'testCategory': 'Vehicle Identification'}, {'code': '10201', 'value': 'FORD', 'testCategory': 'Vehicle Identification'}, {'code': '10200', 'value': 'TRUCK', 'testCategory': 'Vehicle Identification'}, {'code': '10190', 'value': 6, 'testCategory': 'Vehicle Identification'}, {'code': '10192', 'value': 'VIN000000000TEST001', 'testCategory': 'Vehicle Identification'}, {'code': '10107', 'value': 20260120, 'testCategory': 'Vehicle Identification'}, {'code': '10131', 'value': '08:15', 'testCategory': 'Vehicle Identification'}, {'code': '10512', 'value': 'Hassan Ali', 'testCategory': 'Vehicle Identification'}, {'code': '10010', 'value': 'Lane5', 'testCategory': 'Vehicle Identification'}, {'code': '50000', 'value': 90, 'testCategory': 'Brake Test'}]}
2026-01-20 15:41:50,926 | INFO | Step 3.1.5: Data sent to API successfully
2026-01-20 15:41:50,943 | INFO | Step 3.1.6: Processing completed successfully: /app/Dump/test_polling_1.txt
2026-01-20 15:41:51,209 | INFO | Event: modified -> /app/Dump/test_polling_1.txt
2026-01-20 15:41:51,210 | INFO | Step 3.1: System detected new dump file: /app/Dump/test_polling_1.txt
2026-01-20 15:41:51,235 | INFO | Event: created -> /app/Dump/.processing.lock
2026-01-20 15:41:51,236 | INFO | Event: modified -> /app/Dump/.processing.lock
2026-01-20 15:41:51,444 | INFO | Event: created -> /app/Dump/.processing.lock
2026-01-20 15:41:51,445 | INFO | Event: modified -> /app/Dump/.processing.lock
